// Jest Snapshot v1, https://goo.gl/fbAQLP

exports[`OrderList component matches the snapshot 1`] = `
<div
  className="MuiPaper-root MuiPaper-elevation1 makeStyles-root-1 MuiPaper-rounded"
>
  <div
    className="MuiGrid-root MuiGrid-container"
  >
    <div
      className="MuiGrid-root MuiGrid-item MuiGrid-grid-xs-12 MuiGrid-grid-sm-12"
    >
      <div
        className="MuiToolbar-root MuiToolbar-regular MuiToolbar-gutters"
      >
        <div
          className="makeStyles-title-134"
        >
          <div
            className="input-group"
          >
            <div
              className="MuiFormControl-root MuiTextField-root MuiFormControl-marginDense"
            >
              <div
                className="MuiInputBase-root MuiInput-root MuiInput-underline MuiInputBase-formControl MuiInput-formControl MuiInputBase-marginDense"
                onClick={[Function]}
              >
                <input
                  aria-invalid={false}
                  autoFocus={true}
                  className="MuiInputBase-input MuiInput-input MuiInputBase-inputTypeSearch MuiInput-inputTypeSearch MuiInputBase-inputMarginDense MuiInput-inputMarginDense"
                  disabled={false}
                  id="standard-search"
                  onBlur={[Function]}
                  onChange={[Function]}
                  onFocus={[Function]}
                  placeholder="Search"
                  required={false}
                  type="search"
                  value=""
                />
              </div>
            </div>
            <button
              className="MuiButtonBase-root MuiButton-root MuiButton-contained MuiButton-containedPrimary"
              disabled={false}
              onBlur={[Function]}
              onClick={[Function]}
              onDragLeave={[Function]}
              onFocus={[Function]}
              onKeyDown={[Function]}
              onKeyUp={[Function]}
              onMouseDown={[Function]}
              onMouseLeave={[Function]}
              onMouseUp={[Function]}
              onTouchEnd={[Function]}
              onTouchMove={[Function]}
              onTouchStart={[Function]}
              tabIndex={0}
              type="button"
              width="50"
            >
              <span
                className="MuiButton-label"
              >
                <svg
                  aria-hidden="true"
                  className="MuiSvgIcon-root"
                  focusable="false"
                  role="presentation"
                  viewBox="0 0 24 24"
                >
                  <path
                    d="M15.5 14h-.79l-.28-.27C15.41 12.59 16 11.11 16 9.5 16 5.91 13.09 3 9.5 3S3 5.91 3 9.5 5.91 16 9.5 16c1.61 0 3.09-.59 4.23-1.57l.27.28v.79l5 4.99L20.49 19l-4.99-5zm-6 0C7.01 14 5 11.99 5 9.5S7.01 5 9.5 5 14 7.01 14 9.5 11.99 14 9.5 14z"
                  />
                </svg>
              </span>
            </button>
          </div>
        </div>
        <div
          className="makeStyles-spacer-135"
        />
        <div>
          <div
            className="MuiBox-root MuiBox-root-205"
          >
            <button
              className="MuiButtonBase-root MuiButton-root MuiButton-contained MuiButton-containedPrimary Mui-disabled Mui-disabled"
              disabled={true}
              onBlur={[Function]}
              onClick={[Function]}
              onDragLeave={[Function]}
              onFocus={[Function]}
              onKeyDown={[Function]}
              onKeyUp={[Function]}
              onMouseDown={[Function]}
              onMouseLeave={[Function]}
              onMouseUp={[Function]}
              onTouchEnd={[Function]}
              onTouchMove={[Function]}
              onTouchStart={[Function]}
              style={
                Object {
                  "marginRight": 10,
                }
              }
              tabIndex={-1}
              type="button"
              width="50"
            >
              <span
                className="MuiButton-label"
              >
                <span>
                  Prev
                </span>
              </span>
            </button>
            <button
              className="MuiButtonBase-root MuiButton-root MuiButton-contained MuiButton-containedPrimary Mui-disabled Mui-disabled"
              disabled={true}
              onBlur={[Function]}
              onClick={[Function]}
              onDragLeave={[Function]}
              onFocus={[Function]}
              onKeyDown={[Function]}
              onKeyUp={[Function]}
              onMouseDown={[Function]}
              onMouseLeave={[Function]}
              onMouseUp={[Function]}
              onTouchEnd={[Function]}
              onTouchMove={[Function]}
              onTouchStart={[Function]}
              tabIndex={-1}
              type="button"
              width="50"
            >
              <span
                className="MuiButton-label"
              >
                <span>
                  Next
                </span>
              </span>
            </button>
          </div>
        </div>
      </div>
    </div>
    <div
      className="MuiGrid-root MuiGrid-item MuiGrid-grid-xs-12 MuiGrid-grid-sm-12"
    >
      <div
        aria-label="nav tabs example"
        className="MuiTabs-root"
      >
        <div
          className="MuiTabs-scroller MuiTabs-fixed"
          onScroll={[Function]}
          style={
            Object {
              "marginBottom": null,
              "overflow": "hidden",
            }
          }
        >
          <div
            className="MuiTabs-flexContainer"
            role="tablist"
          >
            <a
              aria-controls="nav-tabpanel-0"
              aria-disabled={false}
              aria-selected={true}
              className="MuiButtonBase-root MuiTab-root MuiTab-textColorInherit Mui-selected MuiTab-fullWidth"
              href="/drafts"
              id="nav-tab-0"
              onBlur={[Function]}
              onClick={[Function]}
              onDragLeave={[Function]}
              onFocus={[Function]}
              onKeyDown={[Function]}
              onKeyUp={[Function]}
              onMouseDown={[Function]}
              onMouseLeave={[Function]}
              onMouseUp={[Function]}
              onTouchEnd={[Function]}
              onTouchMove={[Function]}
              onTouchStart={[Function]}
              role="tab"
              tabIndex={0}
            >
              <span
                className="MuiTab-wrapper"
              >
                <span>
                  Ordered
                </span>
              </span>
              <span
                className="PrivateTabIndicator-root-227 PrivateTabIndicator-colorSecondary-229 MuiTabs-indicator"
                style={Object {}}
              />
            </a>
            <a
              aria-controls="nav-tabpanel-1"
              aria-disabled={false}
              aria-selected={false}
              className="MuiButtonBase-root MuiTab-root MuiTab-textColorInherit MuiTab-fullWidth"
              href="/trash"
              id="nav-tab-1"
              onBlur={[Function]}
              onClick={[Function]}
              onDragLeave={[Function]}
              onFocus={[Function]}
              onKeyDown={[Function]}
              onKeyUp={[Function]}
              onMouseDown={[Function]}
              onMouseLeave={[Function]}
              onMouseUp={[Function]}
              onTouchEnd={[Function]}
              onTouchMove={[Function]}
              onTouchStart={[Function]}
              role="tab"
              tabIndex={0}
            >
              <span
                className="MuiTab-wrapper"
              >
                <span>
                  Delivered
                </span>
              </span>
            </a>
            <a
              aria-controls="nav-tabpanel-2"
              aria-disabled={false}
              aria-selected={false}
              className="MuiButtonBase-root MuiTab-root MuiTab-textColorInherit MuiTab-fullWidth"
              href="/spam"
              id="nav-tab-2"
              onBlur={[Function]}
              onClick={[Function]}
              onDragLeave={[Function]}
              onFocus={[Function]}
              onKeyDown={[Function]}
              onKeyUp={[Function]}
              onMouseDown={[Function]}
              onMouseLeave={[Function]}
              onMouseUp={[Function]}
              onTouchEnd={[Function]}
              onTouchMove={[Function]}
              onTouchStart={[Function]}
              role="tab"
              tabIndex={0}
            >
              <span
                className="MuiTab-wrapper"
              >
                <span>
                  Cancelled
                </span>
              </span>
            </a>
          </div>
        </div>
      </div>
      <div
        aria-labelledby="nav-tab-0"
        className="MuiTypography-root MuiTypography-body1"
        hidden={false}
        id="nav-tabpanel-0"
        role="tabpanel"
      >
        <div
          className="MuiBox-root MuiBox-root-261"
        >
          <div
            className="makeStyles-tableWrapper-3"
          >
            <table
              aria-labelledby="tableTitle"
              className="MuiTable-root makeStyles-table-2"
            >
              <thead
                className="MuiTableHead-root"
              >
                <tr
                  className="MuiTableRow-root MuiTableRow-head"
                >
                  <th
                    aria-sort="ascending"
                    className="MuiTableCell-root MuiTableCell-head MuiTableCell-alignLeft"
                    scope="col"
                  >
                    <span
                      className="MuiButtonBase-root MuiTableSortLabel-root MuiTableSortLabel-active"
                      onBlur={[Function]}
                      onClick={[Function]}
                      onDragLeave={[Function]}
                      onFocus={[Function]}
                      onKeyDown={[Function]}
                      onKeyUp={[Function]}
                      onMouseDown={[Function]}
                      onMouseLeave={[Function]}
                      onMouseUp={[Function]}
                      onTouchEnd={[Function]}
                      onTouchMove={[Function]}
                      onTouchStart={[Function]}
                      role="button"
                      tabIndex={0}
                    >
                      <span>
                        Date
                      </span>
                      <svg
                        aria-hidden="true"
                        className="MuiSvgIcon-root MuiTableSortLabel-icon MuiTableSortLabel-iconDirectionAsc"
                        focusable="false"
                        role="presentation"
                        viewBox="0 0 24 24"
                      >
                        <path
                          d="M20 12l-1.41-1.41L13 16.17V4h-2v12.17l-5.58-5.59L4 12l8 8 8-8z"
                        />
                      </svg>
                    </span>
                  </th>
                  <th
                    aria-sort={null}
                    className="MuiTableCell-root MuiTableCell-head MuiTableCell-alignRight"
                    scope="col"
                  >
                    <span
                      className="MuiButtonBase-root MuiTableSortLabel-root"
                      onBlur={[Function]}
                      onClick={[Function]}
                      onDragLeave={[Function]}
                      onFocus={[Function]}
                      onKeyDown={[Function]}
                      onKeyUp={[Function]}
                      onMouseDown={[Function]}
                      onMouseLeave={[Function]}
                      onMouseUp={[Function]}
                      onTouchEnd={[Function]}
                      onTouchMove={[Function]}
                      onTouchStart={[Function]}
                      role="button"
                      tabIndex={0}
                    >
                      <span>
                        Customer
                      </span>
                      <svg
                        aria-hidden="true"
                        className="MuiSvgIcon-root MuiTableSortLabel-icon MuiTableSortLabel-iconDirectionAsc"
                        focusable="false"
                        role="presentation"
                        viewBox="0 0 24 24"
                      >
                        <path
                          d="M20 12l-1.41-1.41L13 16.17V4h-2v12.17l-5.58-5.59L4 12l8 8 8-8z"
                        />
                      </svg>
                    </span>
                  </th>
                  <th
                    aria-sort={null}
                    className="MuiTableCell-root MuiTableCell-head MuiTableCell-alignRight"
                    scope="col"
                  >
                    <span
                      className="MuiButtonBase-root MuiTableSortLabel-root"
                      onBlur={[Function]}
                      onClick={[Function]}
                      onDragLeave={[Function]}
                      onFocus={[Function]}
                      onKeyDown={[Function]}
                      onKeyUp={[Function]}
                      onMouseDown={[Function]}
                      onMouseLeave={[Function]}
                      onMouseUp={[Function]}
                      onTouchEnd={[Function]}
                      onTouchMove={[Function]}
                      onTouchStart={[Function]}
                      role="button"
                      tabIndex={0}
                    >
                      <span>
                        Address1
                      </span>
                      <svg
                        aria-hidden="true"
                        className="MuiSvgIcon-root MuiTableSortLabel-icon MuiTableSortLabel-iconDirectionAsc"
                        focusable="false"
                        role="presentation"
                        viewBox="0 0 24 24"
                      >
                        <path
                          d="M20 12l-1.41-1.41L13 16.17V4h-2v12.17l-5.58-5.59L4 12l8 8 8-8z"
                        />
                      </svg>
                    </span>
                  </th>
                  <th
                    aria-sort={null}
                    className="MuiTableCell-root MuiTableCell-head MuiTableCell-alignRight"
                    scope="col"
                  >
                    <span
                      className="MuiButtonBase-root MuiTableSortLabel-root"
                      onBlur={[Function]}
                      onClick={[Function]}
                      onDragLeave={[Function]}
                      onFocus={[Function]}
                      onKeyDown={[Function]}
                      onKeyUp={[Function]}
                      onMouseDown={[Function]}
                      onMouseLeave={[Function]}
                      onMouseUp={[Function]}
                      onTouchEnd={[Function]}
                      onTouchMove={[Function]}
                      onTouchStart={[Function]}
                      role="button"
                      tabIndex={0}
                    >
                      <span>
                        Address2
                      </span>
                      <svg
                        aria-hidden="true"
                        className="MuiSvgIcon-root MuiTableSortLabel-icon MuiTableSortLabel-iconDirectionAsc"
                        focusable="false"
                        role="presentation"
                        viewBox="0 0 24 24"
                      >
                        <path
                          d="M20 12l-1.41-1.41L13 16.17V4h-2v12.17l-5.58-5.59L4 12l8 8 8-8z"
                        />
                      </svg>
                    </span>
                  </th>
                  <th
                    aria-sort={null}
                    className="MuiTableCell-root MuiTableCell-head MuiTableCell-alignRight"
                    scope="col"
                  >
                    <span
                      className="MuiButtonBase-root MuiTableSortLabel-root"
                      onBlur={[Function]}
                      onClick={[Function]}
                      onDragLeave={[Function]}
                      onFocus={[Function]}
                      onKeyDown={[Function]}
                      onKeyUp={[Function]}
                      onMouseDown={[Function]}
                      onMouseLeave={[Function]}
                      onMouseUp={[Function]}
                      onTouchEnd={[Function]}
                      onTouchMove={[Function]}
                      onTouchStart={[Function]}
                      role="button"
                      tabIndex={0}
                    >
                      <span>
                        Country
                      </span>
                      <svg
                        aria-hidden="true"
                        className="MuiSvgIcon-root MuiTableSortLabel-icon MuiTableSortLabel-iconDirectionAsc"
                        focusable="false"
                        role="presentation"
                        viewBox="0 0 24 24"
                      >
                        <path
                          d="M20 12l-1.41-1.41L13 16.17V4h-2v12.17l-5.58-5.59L4 12l8 8 8-8z"
                        />
                      </svg>
                    </span>
                  </th>
                  <th
                    aria-sort={null}
                    className="MuiTableCell-root MuiTableCell-head MuiTableCell-alignRight"
                    scope="col"
                  >
                    <span
                      className="MuiButtonBase-root MuiTableSortLabel-root"
                      onBlur={[Function]}
                      onClick={[Function]}
                      onDragLeave={[Function]}
                      onFocus={[Function]}
                      onKeyDown={[Function]}
                      onKeyUp={[Function]}
                      onMouseDown={[Function]}
                      onMouseLeave={[Function]}
                      onMouseUp={[Function]}
                      onTouchEnd={[Function]}
                      onTouchMove={[Function]}
                      onTouchStart={[Function]}
                      role="button"
                      tabIndex={0}
                    >
                      <span>
                        State
                      </span>
                      <svg
                        aria-hidden="true"
                        className="MuiSvgIcon-root MuiTableSortLabel-icon MuiTableSortLabel-iconDirectionAsc"
                        focusable="false"
                        role="presentation"
                        viewBox="0 0 24 24"
                      >
                        <path
                          d="M20 12l-1.41-1.41L13 16.17V4h-2v12.17l-5.58-5.59L4 12l8 8 8-8z"
                        />
                      </svg>
                    </span>
                  </th>
                  <th
                    aria-sort={null}
                    className="MuiTableCell-root MuiTableCell-head MuiTableCell-alignRight"
                    scope="col"
                  >
                    <span
                      className="MuiButtonBase-root MuiTableSortLabel-root"
                      onBlur={[Function]}
                      onClick={[Function]}
                      onDragLeave={[Function]}
                      onFocus={[Function]}
                      onKeyDown={[Function]}
                      onKeyUp={[Function]}
                      onMouseDown={[Function]}
                      onMouseLeave={[Function]}
                      onMouseUp={[Function]}
                      onTouchEnd={[Function]}
                      onTouchMove={[Function]}
                      onTouchStart={[Function]}
                      role="button"
                      tabIndex={0}
                    >
                      <span>
                        City
                      </span>
                      <svg
                        aria-hidden="true"
                        className="MuiSvgIcon-root MuiTableSortLabel-icon MuiTableSortLabel-iconDirectionAsc"
                        focusable="false"
                        role="presentation"
                        viewBox="0 0 24 24"
                      >
                        <path
                          d="M20 12l-1.41-1.41L13 16.17V4h-2v12.17l-5.58-5.59L4 12l8 8 8-8z"
                        />
                      </svg>
                    </span>
                  </th>
                  <th
                    aria-sort={null}
                    className="MuiTableCell-root MuiTableCell-head MuiTableCell-alignRight"
                    scope="col"
                  >
                    <span
                      className="MuiButtonBase-root MuiTableSortLabel-root"
                      onBlur={[Function]}
                      onClick={[Function]}
                      onDragLeave={[Function]}
                      onFocus={[Function]}
                      onKeyDown={[Function]}
                      onKeyUp={[Function]}
                      onMouseDown={[Function]}
                      onMouseLeave={[Function]}
                      onMouseUp={[Function]}
                      onTouchEnd={[Function]}
                      onTouchMove={[Function]}
                      onTouchStart={[Function]}
                      role="button"
                      tabIndex={0}
                    >
                      <span>
                        Total
                      </span>
                      <svg
                        aria-hidden="true"
                        className="MuiSvgIcon-root MuiTableSortLabel-icon MuiTableSortLabel-iconDirectionAsc"
                        focusable="false"
                        role="presentation"
                        viewBox="0 0 24 24"
                      >
                        <path
                          d="M20 12l-1.41-1.41L13 16.17V4h-2v12.17l-5.58-5.59L4 12l8 8 8-8z"
                        />
                      </svg>
                    </span>
                  </th>
                </tr>
              </thead>
              <tbody
                className="MuiTableBody-root"
              >
                <tr
                  className="MuiTableRow-root MuiTableRow-hover"
                  tabIndex={-1}
                >
                  <th
                    aria-sort={null}
                    className="MuiTableCell-root MuiTableCell-body"
                    scope="row"
                  />
                  <td
                    aria-sort={null}
                    className="MuiTableCell-root MuiTableCell-body MuiTableCell-alignRight"
                  >
                    <a
                      href="/orderitems"
                      onClick={[Function]}
                    >
                      Thet Oo
                       
                      Maung
                    </a>
                  </td>
                  <td
                    aria-sort={null}
                    className="MuiTableCell-root MuiTableCell-body MuiTableCell-alignRight"
                  >
                    98 street
                  </td>
                  <td
                    aria-sort={null}
                    className="MuiTableCell-root MuiTableCell-body MuiTableCell-alignRight"
                  >
                    Min Buu
                  </td>
                  <td
                    aria-sort={null}
                    className="MuiTableCell-root MuiTableCell-body MuiTableCell-alignRight"
                  >
                    Myanmar
                  </td>
                  <td
                    aria-sort={null}
                    className="MuiTableCell-root MuiTableCell-body MuiTableCell-alignRight"
                  >
                    Magway
                  </td>
                  <td
                    aria-sort={null}
                    className="MuiTableCell-root MuiTableCell-body MuiTableCell-alignRight"
                  >
                    Magway
                  </td>
                  <td
                    aria-sort={null}
                    className="MuiTableCell-root MuiTableCell-body MuiTableCell-alignRight"
                  >
                    6000
                  </td>
                </tr>
                <tr
                  className="MuiTableRow-root MuiTableRow-hover"
                  tabIndex={-1}
                >
                  <th
                    aria-sort={null}
                    className="MuiTableCell-root MuiTableCell-body"
                    scope="row"
                  />
                  <td
                    aria-sort={null}
                    className="MuiTableCell-root MuiTableCell-body MuiTableCell-alignRight"
                  >
                    <a
                      href="/orderitems"
                      onClick={[Function]}
                    >
                      Soe
                       
                      Thu
                    </a>
                  </td>
                  <td
                    aria-sort={null}
                    className="MuiTableCell-root MuiTableCell-body MuiTableCell-alignRight"
                  >
                    Bauk taw
                  </td>
                  <td
                    aria-sort={null}
                    className="MuiTableCell-root MuiTableCell-body MuiTableCell-alignRight"
                  >
                    POL
                  </td>
                  <td
                    aria-sort={null}
                    className="MuiTableCell-root MuiTableCell-body MuiTableCell-alignRight"
                  >
                    Myanmar
                  </td>
                  <td
                    aria-sort={null}
                    className="MuiTableCell-root MuiTableCell-body MuiTableCell-alignRight"
                  >
                    Mandalay
                  </td>
                  <td
                    aria-sort={null}
                    className="MuiTableCell-root MuiTableCell-body MuiTableCell-alignRight"
                  >
                    Mandalay
                  </td>
                  <td
                    aria-sort={null}
                    className="MuiTableCell-root MuiTableCell-body MuiTableCell-alignRight"
                  >
                    2000
                  </td>
                </tr>
              </tbody>
            </table>
          </div>
        </div>
      </div>
      <div
        aria-labelledby="nav-tab-1"
        className="MuiTypography-root MuiTypography-body1"
        hidden={true}
        id="nav-tabpanel-1"
        role="tabpanel"
      >
        <div
          className="MuiBox-root MuiBox-root-286"
        />
      </div>
      <div
        aria-labelledby="nav-tab-2"
        className="MuiTypography-root MuiTypography-body1"
        hidden={true}
        id="nav-tabpanel-2"
        role="tabpanel"
      >
        <div
          className="MuiBox-root MuiBox-root-287"
        />
      </div>
    </div>
  </div>
</div>
`;
